<div>
  <ul class="contains-task-list plugin-tasks-query-result tasks-layout-hide-urgency">
    <li
      class="task-list-item plugin-tasks-list-item"
      data-task-priority="medium"
      data-task-created="past-far"
      data-task-start="past-far"
      data-task-scheduled="past-far"
      data-task-due="past-far"
      data-task-cancelled="past-far"
      data-task-done="past-far"
      data-task=""
      data-line="0"
      data-task-status-name="Todo"
      data-task-status-stage="TODO">
      <input class="task-list-item-checkbox" type="checkbox" title="Right-click for options" data-line="0" />
      <span class="tasks-list-text">
        <span class="task-description"><span>Do exercises #todo #health</span></span>
        <span class="task-id"><span>🆔 abcdef</span></span>
        <span class="task-dependsOn"><span>⛔ 123456,abc123</span></span>
        <span class="task-priority" data-task-priority="medium"><span>🔼</span></span>
        <span class="task-recurring"><span>🔁 every day when done</span></span>
        <span class="task-onHook"><span>🏁 delete</span></span>
        <span class="task-created" data-task-created="past-far" title="Right-click to edit created date">
          <span>➕ 2023-07-01</span>
        </span>
        <span class="task-start" data-task-start="past-far" title="Right-click to edit start date">
          <span>🛫 2023-07-02</span>
        </span>
        <span class="task-scheduled" data-task-scheduled="past-far" title="Right-click to edit scheduled date">
          <span>⏳ 2023-07-03</span>
        </span>
        <span class="task-due" data-task-due="past-far" title="Right-click to edit due date">
          <span>📅 2023-07-04</span>
        </span>
        <span class="task-cancelled" data-task-cancelled="past-far" title="Right-click to edit cancelled date">
          <span>❌ 2023-07-06</span>
        </span>
        <span class="task-done" data-task-done="past-far" title="Right-click to edit done date">
          <span>✅ 2023-07-05</span>
        </span>
        <span class="task-block-link"><span>^dcf64c</span></span>
      </span>
      <span class="task-extras">
        <span class="tasks-backlink">
          (
          <a rel="noopener" target="_blank" class="internal-link">fileName &gt; My Header</a>
          )
        </span>
        <a class="tasks-edit" title="Edit task" href="#"></a>
        <a class="tasks-postpone" title="ℹ️ Due tomorrow, on Tue 20th Aug (right-click for more options)"></a>
      </span>
    </li>
  </ul>
  <div class="task-count">1 task</div>
</div>
