<!--
- [-] empty
-->

<li
  class="task-list-item plugin-tasks-list-item is-checked"
  data-task-priority="normal"
  data-task="-"
  data-line="0"
  data-task-status-name="Cancelled"
  data-task-status-stage="CANCELLED">
  <input class="task-list-item-checkbox" type="checkbox" data-line="0" />
  <span class="tasks-list-text">
    <span class="task-description"><span>empty</span></span>
  </span>
</li>
