Results of custom filters



filter by function task.status.stage === 'NON_TASK'
Find tasks of stage `NON_TASK`.
=>
- [Q] Status Non-Task
====================================================================================


filter by function 'TODO,IN_PROGRESS'.includes(task.status.stage)
Find tasks that are either stage `TODO` or stage `IN_PROGRESS`.
This can be more convenient than doing Boolean `OR` searches.
=>
- [/] Status In Progress
- [ ] Status Todo
- [p] Unknown symbol
- [s] Toggles to self
- [P] Pro
- [C] Con
- [A] Answer
====================================================================================


filter by function ! 'NON_TASK,CANCELLED'.includes(task.status.stage)
Find tasks that are not stage `NON_TASK` and not stage `CANCELLED`.
=>
- [x] Status Done
- [] Status EMPTY
- [/] Status In Progress
- [ ] Status Todo
- [p] Unknown symbol
- [s] Toggles to self
- [P] Pro
- [C] Con
- [Q] Question
- [A] Answer
====================================================================================

