Results of custom sorters



sort by function task.status.stage
Unlike "Sort by status.stage", this sorts the status stages in alphabetical order.
=>
- [-] Status Cancelled
- [x] Status Done
- [] Status EMPTY
- [/] Status In Progress
- [Q] Status Non-Task
- [ ] Status Todo
====================================================================================

