{
  "coreStatuses": [
    {
      "objectClass": "Task",
      "symbol": " ",
      "name": "Todo",
      "nextStatusSymbol": "x",
      "availableAsCommand": true,
      "stage": "TODO"
    },
    {
      "objectClass": "Task",
      "symbol": "x",
      "name": "Done",
      "nextStatusSymbol": " ",
      "availableAsCommand": true,
      "stage": "DONE"
    }
  ],
  "customStatuses": [
    {
      "objectClass": "Task",
      "symbol": "/",
      "name": "In Progress",
      "nextStatusSymbol": "x",
      "availableAsCommand": true,
      "stage": "IN_PROGRESS"
    },
    {
      "objectClass": "Task",
      "symbol": "-",
      "name": "Cancelled",
      "nextStatusSymbol": " ",
      "availableAsCommand": true,
      "stage": "CANCELLED"
    }
  ]
}
