Results of custom groupers



group by function task.status.stage
Unlike "group by status.stage", this sorts the status stages in alphabetical order.
=>
CANCELLED
DONE
EMPTY
IN_PROGRESS
NON_TASK
TODO
====================================================================================


group by function task.status.stageGroupText
This sorts the status stages in the same order as "group by status.stage".
=>
%%1%%IN_PROGRESS
%%2%%TODO
%%3%%DONE
%%5%%CANCELLED
%%8%%EMPTY
====================================================================================

